// Jest Snapshot v1, https://goo.gl/fbAQLP

exports[`should render signinstepOne component 1`] = `
<DocumentFragment>
  <form
    class="ant-form ant-form-horizontal gx-signin-form gx-form-row0"
    id="basic"
  >
    <div
      class="ant-row ant-form-item"
    >
      <div
        class="ant-col ant-form-item-control"
      >
        <div
          class="ant-form-item-control-input"
        >
          <div
            class="ant-form-item-control-input-content"
          >
            <input
              class="ant-input amazon-tool-home-input"
              id="basic_FirstName"
              placeholder="First Name"
              type="text"
              value=""
            />
          </div>
        </div>
      </div>
    </div>
    <div
      class="ant-row ant-form-item"
    >
      <div
        class="ant-col ant-form-item-control"
      >
        <div
          class="ant-form-item-control-input"
        >
          <div
            class="ant-form-item-control-input-content"
          >
            <input
              class="ant-input amazon-tool-home-input"
              id="basic_LastName"
              placeholder="Last Name"
              type="text"
              value=""
            />
          </div>
        </div>
      </div>
    </div>
    <div
      class="ant-row ant-form-item"
    >
      <div
        class="ant-col ant-form-item-control"
      >
        <div
          class="ant-form-item-control-input"
        >
          <div
            class="ant-form-item-control-input-content"
          >
            <input
              class="ant-input amazon-tool-home-input"
              id="basic_email"
              placeholder="Email"
              type="text"
              value=""
            />
          </div>
        </div>
      </div>
    </div>
    <div
      class="ant-row ant-form-item"
    >
      <div
        class="ant-col ant-form-item-control"
      >
        <div
          class="ant-form-item-control-input"
        >
          <div
            class="ant-form-item-control-input-content"
          >
            <input
              class="ant-input amazon-tool-home-input"
              id="basic_username"
              placeholder="Username"
              type="text"
              value=""
            />
          </div>
        </div>
      </div>
    </div>
    <div
      class="ant-row ant-form-item"
    >
      <div
        class="ant-col ant-form-item-control"
      >
        <div
          class="ant-form-item-control-input"
        >
          <div
            class="ant-form-item-control-input-content"
          >
            <input
              class="ant-input amazon-tool-home-input"
              id="basic_password"
              placeholder="Password"
              type="password"
              value=""
            />
          </div>
        </div>
      </div>
    </div>
    <div
      class="ant-row ant-form-item"
    >
      <div
        class="ant-col ant-form-item-control"
      >
        <div
          class="ant-form-item-control-input"
        >
          <div
            class="ant-form-item-control-input-content"
          >
            <input
              class="ant-input amazon-tool-home-input"
              id="basic_confirm"
              placeholder="Confirm password"
              type="password"
              value=""
            />
          </div>
        </div>
      </div>
    </div>
    <div
      class="ant-row ant-form-item"
    >
      <div
        class="ant-col ant-form-item-control"
      >
        <div
          class="ant-form-item-control-input"
        >
          <div
            class="ant-form-item-control-input-content"
          >
            <button
              class="ant-btn gx-mb-0 ant-btn-primary ant-btn-lg ant-btn-block"
              style="height: 48px;"
              type="submit"
            >
              app.userAuth.NextStep
            </button>
          </div>
        </div>
      </div>
    </div>
  </form>
</DocumentFragment>
`;

exports[`should render signinstepTwo component 1`] = `
<DocumentFragment>
  <form
    class="ant-form ant-form-horizontal gx-signin-form gx-form-row0"
    id="basic"
  >
    <div
      class="ant-row ant-form-item"
    >
      <div
        class="ant-col ant-form-item-control"
      >
        <div
          class="ant-form-item-control-input"
        >
          <div
            class="ant-form-item-control-input-content"
          >
            <input
              class="ant-input amazon-tool-home-input"
              id="basic_agencyName"
              placeholder="Agency name"
              type="text"
              value=""
            />
          </div>
        </div>
      </div>
    </div>
    <div
      class="ant-row ant-form-item"
    >
      <div
        class="ant-col ant-form-item-control"
      >
        <div
          class="ant-form-item-control-input"
        >
          <div
            class="ant-form-item-control-input-content"
          >
            <input
              class="ant-input amazon-tool-home-input"
              id="basic_address"
              placeholder="Address"
              type="text"
              value=""
            />
          </div>
        </div>
      </div>
    </div>
    <div
      class="ant-row ant-form-item"
    >
      <div
        class="ant-col ant-form-item-control"
      >
        <div
          class="ant-form-item-control-input"
        >
          <div
            class="ant-form-item-control-input-content"
          >
            <input
              class="ant-input amazon-tool-home-input"
              id="basic_phone"
              placeholder="Phone"
              type="text"
              value=""
            />
          </div>
        </div>
      </div>
    </div>
    <div
      class="ant-row ant-form-item"
    >
      <div
        class="ant-col ant-form-item-label"
      >
        <label
          class=""
          for="basic_Agency Logo"
          title="Logo"
        >
          Logo
        </label>
      </div>
      <div
        class="ant-col ant-form-item-control"
      >
        <div
          class="ant-form-item-control-input"
        >
          <div
            class="ant-form-item-control-input-content"
          >
            <span
              class=""
            >
              <div
                class="ant-upload ant-upload-select ant-upload-select-picture"
              >
                <span
                  class="ant-upload"
                  role="button"
                  tabindex="0"
                >
                  <input
                    accept=""
                    id="basic_Agency Logo"
                    style="display: none;"
                    type="file"
                  />
                  <button
                    class="ant-btn"
                    type="button"
                  >
                    <span
                      aria-label="upload"
                      class="anticon anticon-upload"
                      role="img"
                    >
                      <svg
                        aria-hidden="true"
                        class=""
                        data-icon="upload"
                        fill="currentColor"
                        focusable="false"
                        height="1em"
                        viewBox="64 64 896 896"
                        width="1em"
                      >
                        <path
                          d="M400 317.7h73.9V656c0 4.4 3.6 8 8 8h60c4.4 0 8-3.6 8-8V317.7H624c6.7 0 10.4-7.7 6.3-12.9L518.3 163a8 8 0 00-12.6 0l-112 141.7c-4.1 5.3-.4 13 6.3 13zM878 626h-60c-4.4 0-8 3.6-8 8v154H214V634c0-4.4-3.6-8-8-8h-60c-4.4 0-8 3.6-8 8v198c0 17.7 14.3 32 32 32h684c17.7 0 32-14.3 32-32V634c0-4.4-3.6-8-8-8z"
                        />
                      </svg>
                    </span>
                    <span>
                       Click to upload
                    </span>
                  </button>
                </span>
              </div>
              <div
                class="ant-upload-list ant-upload-list-picture"
              />
            </span>
          </div>
        </div>
        <div
          class="ant-form-item-extra"
        >
          Logo format: JPG,PNG
        </div>
      </div>
    </div>
    <a>
       Previous Step 
    </a>
    <div
      class="ant-row ant-form-item"
    >
      <div
        class="ant-col ant-form-item-control"
      >
        <div
          class="ant-form-item-control-input"
        >
          <div
            class="ant-form-item-control-input-content"
          >
            <button
              class="ant-btn gx-mb-0 amz-top-margin-20 ant-btn-primary ant-btn-lg ant-btn-block"
              style="height: 48px;"
              type="submit"
            >
              app.userAuth.NextStepStartTrial
            </button>
          </div>
        </div>
      </div>
    </div>
  </form>
</DocumentFragment>
`;
